gdb-0222/gdb/ChangeLog-3.x gdb-0222/gdb/ChangeLog.3-x
gdb-0222/gdb/ChangeLog-9091 gdb-0222/gdb/ChangeLog.9091
gdb-0222/gdb/ChangeLog-92 gdb-0222/gdb/ChangeLog.92
gdb-0222/gdb/ChangeLog-93 gdb-0222/gdb/ChangeLog.93
gdb-0222/gdb/ChangeLog-94 gdb-0222/gdb/ChangeLog.94
gdb-0222/gdb/ChangeLog-95 gdb-0222/gdb/ChangeLog.95
gdb-0222/gdb/ChangeLog-96 gdb-0222/gdb/ChangeLog.96
gdb-0222/gdb/ChangeLog-97 gdb-0222/gdb/ChangeLog.97
gdb-0222/gdb/ChangeLog-98 gdb-0222/gdb/ChangeLog.98
gdb-0222/gdb/ChangeLog-99 gdb-0222/gdb/ChangeLog.99
gdb-0222/gdb/ppc-linux-tdep.c gdb-0222/gdb/ppc-linx-tdep.c
gdb-0222/gdb/remote-adapt.c gdb-0222/gdb/rmt-adapt.c
gdb-0222/gdb/remote-array.c gdb-0222/gdb/rmt-array.c
gdb-0222/gdb/remote-e7000.c gdb-0222/gdb/rmt-e7000.c
gdb-0222/gdb/remote-eb.c gdb-0222/gdb/rmt-eb.c
gdb-0222/gdb/remote-es.c gdb-0222/gdb/rmt-es.c
gdb-0222/gdb/remote-est.c gdb-0222/gdb/rmt-est.c
gdb-0222/gdb/remote-mips.c gdb-0222/gdb/emt-mips.c
gdb-0222/gdb/remote-mm.c gdb-0222/gdb/emt-mm.c
gdb-0222/gdb/remote-nindy.c gdb-0222/gdb/rmt-nindy.c
gdb-0222/gdb/remote-nrom.c gdb-0222/gdb/rmt-nrom.c
gdb-0222/gdb/remote-rdi.c gdb-0222/gdb/rmt-rdi.c
gdb-0222/gdb/remote-rdp.c gdb-0222/gdb/rmt-rdp.c
gdb-0222/gdb/remote-sds.c gdb-0222/gdb/rmt-sds.c
gdb-0222/gdb/remote-sim.c gdb-0222/gdb/rmt-sim.c
gdb-0222/gdb/remote-st.c gdb-0222/gdb/rmt-st.c
gdb-0222/gdb/remote-udi.c gdb-0222/gdb/rmt-udi.c
gdb-0222/gdb/remote-vx.c gdb-0222/gdb/rmt-vx.c
gdb-0222/gdb/remote-vx29k.c gdb-0222/gdb/rmt-vx29k.c
gdb-0222/gdb/remote-vx68.c gdb-0222/gdb/rmt-vx68.c
gdb-0222/gdb/remote-vx960.c gdb-0222/gdb/rmt-vx960.c
gdb-0222/gdb/remote-vxmips.c gdb-0222/gdb/rmt-vxmips.c
gdb-0222/gdb/remote-vxsparc.c gdb-0222/gdb/rmt-vxsparc.c
gdb-0222/gdb/sparclet-rom.c gdb-0222/gdb/splet-rom.c
gdb-0222/gdb/sparclet-stub.c gdb-0222/gdb/splet-stub.c
gdb-0222/gdb/i386-linux-tdep.c gdb-0222/gdb/i386linux-tdep.c
gdb-0222/gdb/arm-linux-tdep.c gdb-0222/gdb/armlin-tdep.c
gdb-0222/gdb/arm-linux-nat.c gdb-0222/gdb/armlin-nat.c
gdb-0222/gdb/config/alpha/alpha-osf1.mh gdb-0222/gdb/config/alpha/alphosf1.mh
gdb-0222/gdb/config/alpha/alpha-osf2.mh gdb-0222/gdb/config/alpha/alphosf2.mh
gdb-0222/gdb/config/alpha/alpha-osf3.mh gdb-0222/gdb/config/alpha/alphosf3.mh
gdb-0222/gdb/config/alpha/tm-alphalinux.h gdb-0222/gdb/config/alpha/tm-alplinux.h
gdb-0222/gdb/config/alpha/xm-alphalinux.h gdb-0222/gdb/config/alpha/xm-alplinux.h
gdb-0222/gdb/config/i386/nm-i386sco4.h gdb-0222/gdb/config/i386/nm-sco4.h
gdb-0222/gdb/config/i386/nm-i386sco5.h gdb-0222/gdb/config/i386/nm-sco5.h
gdb-0222/gdb/config/i386/nm-i386sol2.h gdb-0222/gdb/config/i386/nm-sol2.h
gdb-0222/gdb/config/i386/nm-i386v4.h gdb-0222/gdb/config/i386/nm-v4.h
gdb-0222/gdb/config/i386/nm-i386v42mp.h gdb-0222/gdb/config/i386/nm-v42mp.h
gdb-0222/gdb/config/i386/tm-i386mk.h gdb-0222/gdb/config/i386/tm-mk.h
gdb-0222/gdb/config/i386/tm-i386sol2.h gdb-0222/gdb/config/i386/tm-sol2.h
gdb-0222/gdb/config/i386/tm-i386v4.h gdb-0222/gdb/config/i386/tm-v4.h
gdb-0222/gdb/config/i386/tm-i386v42mp.h gdb-0222/gdb/config/i386/tm-v42mp.h
gdb-0222/gdb/config/i386/xm-i386mach.h gdb-0222/gdb/config/i386/xm-mach.h
gdb-0222/gdb/config/i386/xm-i386mk.h gdb-0222/gdb/config/i386/xm-mk.h
gdb-0222/gdb/config/i386/xm-i386v32.h gdb-0222/gdb/config/i386/xm-v32.h
gdb-0222/gdb/config/i386/xm-i386v4.h gdb-0222/gdb/config/i386/xm-v4.h
gdb-0222/gdb/config/m68k/apollo68v.mh gdb-0222/gdb/config/m68k/apollo-v.mh
gdb-0222/gdb/config/m68k/nm-apollo68v.h gdb-0222/gdb/config/m68k/nm-apolv.h
gdb-0222/gdb/config/m68k/nm-hp300hpux.h gdb-0222/gdb/config/m68k/nm-300ux.h
gdb-0222/gdb/config/m68k/tm-hp300hpux.h gdb-0222/gdb/config/m68k/tm-300ux.h
gdb-0222/gdb/config/m68k/xm-apollo68v.h gdb-0222/gdb/config/m68k/xm-apolv.h
gdb-0222/gdb/config/m68k/xm-hp300hpux.h gdb-0222/gdb/config/m68k/xm-300ux.h
gdb-0222/gdb/config/m88k/tm-delta88v4.h gdb-0222/gdb/config/m88k/tm-d88v4.h
gdb-0222/gdb/config/m88k/xm-delta88v4.h gdb-0222/gdb/config/m88k/xm-d88v4.h
gdb-0222/gdb/config/mips/tm-bigmips64.h gdb-0222/gdb/config/mips/tm-bigm64.h
gdb-0222/gdb/config/mips/tm-embed64.h gdb-0222/gdb/config/mips/tm-emb64.h
gdb-0222/gdb/config/mips/tm-embedl.h gdb-0222/gdb/config/mips/tm-embdl.h
gdb-0222/gdb/config/mips/tm-embedl64.h gdb-0222/gdb/config/mips/tm-embl64.h
gdb-0222/gdb/config/mips/tm-vr4300el.h gdb-0222/gdb/config/mips/tm-v43el.h
gdb-0222/gdb/config/mips/tm-vr4xxxel.h gdb-0222/gdb/config/mips/tm-v4xel.h
gdb-0222/gdb/config/mips/tm-vr5000el.h gdb-0222/gdb/config/mips/tm-vr5kel.h
gdb-0222/gdb/config/pa/nm-hppah11.h gdb-0222/gdb/config/pa/nm-hppa11.h
gdb-0222/gdb/config/powerpc/tm-ppcle-sim.h gdb-0222/gdb/config/powerpc/tm-ppcl-sim.h
gdb-0222/gdb/config/rs6000/nm-rs6000ly.h gdb-0222/gdb/config/rs6000/nm-rs6kly.h
gdb-0222/gdb/config/rs6000/tm-rs6000.h gdb-0222/gdb/config/rs6000/tm-rs6k.h
gdb-0222/gdb/config/rs6000/tm-rs6000ly.h gdb-0222/gdb/config/rs6000/tm-rs6kly.h
gdb-0222/gdb/config/rs6000/xm-rs6000ly.h gdb-0222/gdb/config/rs6000/xm-rs6kly.h
gdb-0222/gdb/config/sparc/tm-sparclet.h gdb-0222/gdb/config/sparc/tm-splet.h
gdb-0222/gdb/config/sparc/tm-sparclite.h gdb-0222/gdb/config/sparc/tm-splite.h
gdb-0222/gdb/config/sparc/tm-sparclynx.h gdb-0222/gdb/config/sparc/tm-splynx.h
gdb-0222/gdb/config/sparc/xm-sparclynx.h gdb-0222/gdb/config/sparc/xm-xplynx.h
gdb-0222/gdb/config/vax/xm-vaxult2.h gdb-0222/gdb/config/vax/xm-vaxut2.h
gdb-0222/gdb/gdbtk/generic/gdbtk-varobj.c gdb-0222/gdb/gdbtk/generic/gdbtk-vobj.c
gdb-0222/gdb/osf-share/cma_stack_int.h gdb-0222/gdb/osf-share/cma_stkint.h
gdb-0222/gdb/testsuite/gdb.base/coremaker2.c gdb-0222/gdb/testsuite/gdb.base/core2maker.c
gdb-0222/gdb/tui/tuiSourceWin.c gdb-0222/gdb/tui/tuiWinSource.c
gdb-0222/gdb/tui/tuiSourceWin.h gdb-0222/gdb/tui/tuiWinSource.h
gdb-0222/bfd/ChangeLog-9193 gdb-0222/bfd/ChangeLog.9193
gdb-0222/bfd/ChangeLog-9495 gdb-0222/bfd/ChangeLog.9495
gdb-0222/bfd/ChangeLog-9697 gdb-0222/bfd/ChangeLog.9697
gdb-0222/bfd/coff-tic80.c gdb-0222/bfd/coff-tc80.c
gdb-0222/sim/mips/dv-tx3904irc.c gdb-0222/sim/mips/dv-tx3irc.c
gdb-0222/sim/mips/dv-tx3904sio.c gdb-0222/sim/mips/dv-tx3sio.c
gdb-0222/sim/mips/dv-tx3904tmr.c gdb-0222/sim/mips/dv-tx3tmr.c
gdb-0222/sim/mn10300/dv-mn103int.c gdb-0222/sim/mn10300/dv-mn1int.c
gdb-0222/sim/mn10300/dv-mn103iop.c gdb-0222/sim/mn10300/dv-mn1iop.c
gdb-0222/sim/mn10300/dv-mn103ser.c gdb-0222/sim/mn10300/dv-mn1ser.c
gdb-0222/sim/mn10300/dv-mn103tim.c gdb-0222/sim/mn10300/dv-mn1tim.c
gdb-0222/sim/ppc/corefile-n.h gdb-0222/sim/ppc/corefle-n.h
gdb-0222/sim/ppc/idecode_branch.h gdb-0222/sim/ppc/idec_branch.h
gdb-0222/sim/ppc/idecode_expression.h gdb-0222/sim/ppc/idec_expression.h
gdb-0222/sim/ppc/idecode_fields.h gdb-0222/sim/ppc/idec_fields.h
gdb-0222/sim/ppc/sim-endian-n.h gdb-0222/sim/ppc/sim-endn.h
gdb-0222/sim/testsuite/d10v-elf/t-ae-ld-d.s gdb-0222/sim/testsuite/d10v-elf/t-ld-d.s
gdb-0222/sim/testsuite/d10v-elf/t-ae-ld-i.s gdb-0222/sim/testsuite/d10v-elf/t-ld-i.s
gdb-0222/sim/testsuite/d10v-elf/t-ae-ld-id.s gdb-0222/sim/testsuite/d10v-elf/t-ld-id.s
gdb-0222/sim/testsuite/d10v-elf/t-ae-ld-im.s gdb-0222/sim/testsuite/d10v-elf/t-ld-im.s
gdb-0222/sim/testsuite/d10v-elf/t-ae-ld-ip.s gdb-0222/sim/testsuite/d10v-elf/t-ld-ip.s
gdb-0222/sim/testsuite/d10v-elf/t-ae-ld2w-d.s gdb-0222/sim/testsuite/d10v-elf/t-ld2-d.s
gdb-0222/sim/testsuite/d10v-elf/t-ae-ld2w-i.s gdb-0222/sim/testsuite/d10v-elf/t-ld2-i.s
gdb-0222/sim/testsuite/d10v-elf/t-ae-ld2w-id.s gdb-0222/sim/testsuite/d10v-elf/t-ld2-id.s
gdb-0222/sim/testsuite/d10v-elf/t-ae-ld2w-im.s gdb-0222/sim/testsuite/d10v-elf/t-ld2-im.s
gdb-0222/sim/testsuite/d10v-elf/t-ae-ld2w-ip.s gdb-0222/sim/testsuite/d10v-elf/t-ld2-ip.s
gdb-0222/sim/testsuite/d10v-elf/t-ae-st-d.s gdb-0222/sim/testsuite/d10v-elf/t-st-d.s
gdb-0222/sim/testsuite/d10v-elf/t-ae-st-i.s gdb-0222/sim/testsuite/d10v-elf/t-st-i.s
gdb-0222/sim/testsuite/d10v-elf/t-ae-st-id.s gdb-0222/sim/testsuite/d10v-elf/t-st-id.s
gdb-0222/sim/testsuite/d10v-elf/t-ae-st-im.s gdb-0222/sim/testsuite/d10v-elf/t-st-im.s
gdb-0222/sim/testsuite/d10v-elf/t-ae-st-ip.s gdb-0222/sim/testsuite/d10v-elf/t-st-ip.s
gdb-0222/sim/testsuite/d10v-elf/t-ae-st-is.s gdb-0222/sim/testsuite/d10v-elf/t-st-is.s
gdb-0222/sim/testsuite/d10v-elf/t-ae-st2w-d.s gdb-0222/sim/testsuite/d10v-elf/t-st2-d.s
gdb-0222/sim/testsuite/d10v-elf/t-ae-st2w-i.s gdb-0222/sim/testsuite/d10v-elf/t-st2-i.s
gdb-0222/sim/testsuite/d10v-elf/t-ae-st2w-id.s gdb-0222/sim/testsuite/d10v-elf/t-st2-id.s
gdb-0222/sim/testsuite/d10v-elf/t-ae-st2w-im.s gdb-0222/sim/testsuite/d10v-elf/t-st2-im.s
gdb-0222/sim/testsuite/d10v-elf/t-ae-st2w-ip.s gdb-0222/sim/testsuite/d10v-elf/t-st2-ip.s
gdb-0222/sim/testsuite/d10v-elf/t-ae-st2w-is.s gdb-0222/sim/testsuite/d10v-elf/t-st2-is.s
gdb-0222/sim/testsuite/d30v-elf/ls-ld4bhu.S gdb-0222/sim/testsuite/d30v-elf/ls-ld4bu.S
gdb-0222/intl/po2tbl.sed.in gdb-0222/intl/po2tblsed.in
gdb-0222/intl/intlh.inst.in gdb-0222/intl/intlh_inst.in
gdb-0222/readline/config.h.in gdb-0222/readline/config.h-in
gdb-0222/readline/config.h.bot gdb-0222/readline/config.h-bot
gdb-0222/gdb/nindy-share/b.out.h gdb-0222/gdb/nindy-share/b_out.h
gdb-0222/gdb/c-exp.tab.c gdb-0222/gdb/c-exp_tab.c
gdb-0222/gdb/jv-exp.tab.c gdb-0222/gdb/jv-exp_tab.c
gdb-0222/gdb/f-exp.tab.c gdb-0222/gdb/f-exp_tab.c
gdb-0222/gdb/m2-exp.tab.c gdb-0222/gdb/m2-exp_tab.c
gdb-0222/gdb/testsuite/gdb.c++ gdb-0222/gdb/testsuite/gdb.cxx
gdb-0222/gdb/testsuite/gdb.c++/Makefile.in gdb-0222/gdb/testsuite/gdb.cxx/Makefile.in
gdb-0222/gdb/testsuite/gdb.c++/ambiguous.cc gdb-0222/gdb/testsuite/gdb.cxx/ambiguous.cc
gdb-0222/gdb/testsuite/gdb.c++/ambiguous.exp gdb-0222/gdb/testsuite/gdb.cxx/ambiguous.exp
gdb-0222/gdb/testsuite/gdb.c++/annota2.cc gdb-0222/gdb/testsuite/gdb.cxx/annota2.cc
gdb-0222/gdb/testsuite/gdb.c++/annota2.exp gdb-0222/gdb/testsuite/gdb.cxx/annota2.exp
gdb-0222/gdb/testsuite/gdb.c++/anon-union.cc gdb-0222/gdb/testsuite/gdb.cxx/anon-union.cc
gdb-0222/gdb/testsuite/gdb.c++/anon-union.exp gdb-0222/gdb/testsuite/gdb.cxx/anon-union.exp
gdb-0222/gdb/testsuite/gdb.c++/classes.exp gdb-0222/gdb/testsuite/gdb.cxx/classes.exp
gdb-0222/gdb/testsuite/gdb.c++/configure gdb-0222/gdb/testsuite/gdb.cxx/configure
gdb-0222/gdb/testsuite/gdb.c++/configure.in gdb-0222/gdb/testsuite/gdb.cxx/configure.in
gdb-0222/gdb/testsuite/gdb.c++/cplusfuncs.cc gdb-0222/gdb/testsuite/gdb.cxx/cplusfuncs.cc
gdb-0222/gdb/testsuite/gdb.c++/cplusfuncs.exp gdb-0222/gdb/testsuite/gdb.cxx/cplusfuncs.exp
gdb-0222/gdb/testsuite/gdb.c++/ctti.exp gdb-0222/gdb/testsuite/gdb.cxx/ctti.exp
gdb-0222/gdb/testsuite/gdb.c++/cttiadd.cc gdb-0222/gdb/testsuite/gdb.cxx/cttiadd.cc
gdb-0222/gdb/testsuite/gdb.c++/cttiadd1.cc gdb-0222/gdb/testsuite/gdb.cxx/cttiadd1.cc
gdb-0222/gdb/testsuite/gdb.c++/cttiadd2.cc gdb-0222/gdb/testsuite/gdb.cxx/cttiadd2.cc
gdb-0222/gdb/testsuite/gdb.c++/cttiadd3.cc gdb-0222/gdb/testsuite/gdb.cxx/cttiadd3.cc
gdb-0222/gdb/testsuite/gdb.c++/demangle.exp gdb-0222/gdb/testsuite/gdb.cxx/demangle.exp
gdb-0222/gdb/testsuite/gdb.c++/derivation.cc gdb-0222/gdb/testsuite/gdb.cxx/derivation.cc
gdb-0222/gdb/testsuite/gdb.c++/derivation.exp gdb-0222/gdb/testsuite/gdb.cxx/derivation.exp
gdb-0222/gdb/testsuite/gdb.c++/inherit.exp gdb-0222/gdb/testsuite/gdb.cxx/inherit.exp
gdb-0222/gdb/testsuite/gdb.c++/local.cc gdb-0222/gdb/testsuite/gdb.cxx/local.cc
gdb-0222/gdb/testsuite/gdb.c++/local.exp gdb-0222/gdb/testsuite/gdb.cxx/local.exp
gdb-0222/gdb/testsuite/gdb.c++/member-ptr.cc gdb-0222/gdb/testsuite/gdb.cxx/member-ptr.cc
gdb-0222/gdb/testsuite/gdb.c++/member-ptr.exp gdb-0222/gdb/testsuite/gdb.cxx/member-ptr.exp
gdb-0222/gdb/testsuite/gdb.c++/method.cc gdb-0222/gdb/testsuite/gdb.cxx/method.cc
gdb-0222/gdb/testsuite/gdb.c++/method.exp gdb-0222/gdb/testsuite/gdb.cxx/method.exp
gdb-0222/gdb/testsuite/gdb.c++/misc.cc gdb-0222/gdb/testsuite/gdb.cxx/misc.cc
gdb-0222/gdb/testsuite/gdb.c++/misc.exp gdb-0222/gdb/testsuite/gdb.cxx/misc.exp
gdb-0222/gdb/testsuite/gdb.c++/overload.cc gdb-0222/gdb/testsuite/gdb.cxx/overload.cc
gdb-0222/gdb/testsuite/gdb.c++/overload.exp gdb-0222/gdb/testsuite/gdb.cxx/overload.exp
gdb-0222/gdb/testsuite/gdb.c++/ovldbreak.cc gdb-0222/gdb/testsuite/gdb.cxx/ovldbreak.cc
gdb-0222/gdb/testsuite/gdb.c++/ovldbreak.exp gdb-0222/gdb/testsuite/gdb.cxx/ovldbreak.exp
gdb-0222/gdb/testsuite/gdb.c++/ref-types.cc gdb-0222/gdb/testsuite/gdb.cxx/ref-types.cc
gdb-0222/gdb/testsuite/gdb.c++/ref-types.exp gdb-0222/gdb/testsuite/gdb.cxx/ref-types.exp
gdb-0222/gdb/testsuite/gdb.c++/templates.cc gdb-0222/gdb/testsuite/gdb.cxx/templates.cc
gdb-0222/gdb/testsuite/gdb.c++/templates.exp gdb-0222/gdb/testsuite/gdb.cxx/templates.exp
gdb-0222/gdb/testsuite/gdb.c++/userdef.cc gdb-0222/gdb/testsuite/gdb.cxx/userdef.cc
gdb-0222/gdb/testsuite/gdb.c++/userdef.exp gdb-0222/gdb/testsuite/gdb.cxx/userdef.exp
gdb-0222/gdb/testsuite/gdb.c++/virtfunc.cc gdb-0222/gdb/testsuite/gdb.cxx/virtfunc.cc
gdb-0222/gdb/testsuite/gdb.c++/virtfunc.exp gdb-0222/gdb/testsuite/gdb.cxx/virtfunc.exp
gdb-0222/gdb/testsuite/.gdbinit gdb-0222/gdb/testsuite/gdb.ini
gdb-0222/sim/ppc/.gdbinit gdb-0222/sim/ppc/gdb.ini
